Microsoft (R) Macro Assembler Version 14.44.35225.0	    05/22/26 22:28:52
7Temperature Statistics Program     (Proj5_guardadd.asm	     Page 1 - 1


				TITLE Temperature Statistics Program     (Proj5_guardadd.asm)

				; Author: Daniel Guardado
				; Last Modified:	5/23/2026
				; OSU email address: guardadd@oregonstate.edu
				; Course number/section:   CS271 Section 400
				; Project Number: 5               Due Date: 5/24/2026
				; Description: ******This file is provided as a template from which you may work
				;              when developing assembly projects in CS271.*****

				INCLUDE Irvine32.inc
			      C ; Include file for Irvine32.lib             (Irvine32.inc)
			      C 
			      C ;OPTION CASEMAP:NONE		; optional: make identifiers case-sensitive
			      C 
			      C INCLUDE SmallWin.inc		; MS-Windows prototypes, structures, and constants
			      C .NOLIST
			      C .LIST
			      C 
			      C INCLUDE VirtualKeys.inc
			      C ; VirtualKeys.inc
			      C .NOLIST
			      C .LIST
			      C 
			      C 
			      C .NOLIST
			      C .LIST
			      C 

 = 0000000E			DAYS_MEASURED = 14
 = 0000000B			TEMPS_PER_DAY = 11
 = 00000014			MIN_TEMP = 20
 = 00000050			MAX_TEMP = 80
 = 0000009A			ARRAYSIZE = DAYS_MEASURED*TEMPS_PER_DAY

 00000000			.data

 00000000 57 65 6C 63 6F		intro1			BYTE	"Welcome to Temperature Statistics Program by Daniel Guardado",13,10,0
	   6D 65 20 74 6F
	   20 54 65 6D 70
	   65 72 61 74 75
	   72 65 20 53 74
	   61 74 69 73 74
	   69 63 73 20 50
	   72 6F 67 72 61
	   6D 20 62 79 20
	   44 61 6E 69 65
	   6C 20 47 75 61
	   72 64 61 64 6F
	   0D 0A 00
 0000003F 54 68 69 73 20		intro2			BYTE	"This program generates a series of temperature readings, X per day for Y days",13,10
	   70 72 6F 67 72
	   61 6D 20 67 65
	   6E 65 72 61 74
	   65 73 20 61 20
	   73 65 72 69 65
	   73 20 6F 66 20
	   74 65 6D 70 65
	   72 61 74 75 72
	   65 20 72 65 61
	   64 69 6E 67 73
	   2C 20 58 20 70
	   65 72 20 64 61
	   79 20 66 6F 72
	   20 59 20 64 61
	   79 73 0D 0A
 0000008E  28 64 65 70 65						BYTE	"(depending on CONSTANTs), and performs some basic statistics on them: daily",13,10
	   6E 64 69 6E 67
	   20 6F 6E 20 43
	   4F 4E 53 54 41
	   4E 54 73 29 2C
	   20 61 6E 64 20
	   70 65 72 66 6F
	   72 6D 73 20 73
	   6F 6D 65 20 62
	   61 73 69 63 20
	   73 74 61 74 69
	   73 74 69 63 73
	   20 6F 6E 20 74
	   68 65 6D 3A 20
	   64 61 69 6C 79
	   0D 0A
 000000DB  68 69 67 68 20						BYTE	"high and low and average high and low temps. It then prints these results, ",13,10
	   61 6E 64 20 6C
	   6F 77 20 61 6E
	   64 20 61 76 65
	   72 61 67 65 20
	   68 69 67 68 20
	   61 6E 64 20 6C
	   6F 77 20 74 65
	   6D 70 73 2E 20
	   49 74 20 74 68
	   65 6E 20 70 72
	   69 6E 74 73 20
	   74 68 65 73 65
	   20 72 65 73 75
	   6C 74 73 2C 20
	   0D 0A
 00000128  77 69 74 68 20						BYTE	"with descriptive titles.",13,10,13,10,0
	   64 65 73 63 72
	   69 70 74 69 76
	   65 20 74 69 74
	   6C 65 73 2E 0D
	   0A 0D 0A 00
 00000145 54 65 6D 70 65		allTempsMsg		BYTE	"Temperature readings:",13,10,0
	   72 61 74 75 72
	   65 20 72 65 61
	   64 69 6E 67 73
	   3A 0D 0A 00
 0000015D 48 69 67 68 65		highestTempsMsg	BYTE	"Highest daily temps:",13,10,0
	   73 74 20 64 61
	   69 6C 79 20 74
	   65 6D 70 73 3A
	   0D 0A 00
 00000174 4C 6F 77 65 73		lowestTempsMsg	BYTE	"Lowest daily temps:",13,10,0
	   74 20 64 61 69
	   6C 79 20 74 65
	   6D 70 73 3A 0D
	   0A 00
 0000018A 54 68 65 20 28		avgHighTempMsg	BYTE	"The (truncated) average high temperature was: ",0
	   74 72 75 6E 63
	   61 74 65 64 29
	   20 61 76 65 72
	   61 67 65 20 68
	   69 67 68 20 74
	   65 6D 70 65 72
	   61 74 75 72 65
	   20 77 61 73 3A
	   20 00
 000001B9 54 68 65 20 28		avgLowTempMsg	BYTE	"The (truncated) average low temperature was: ",0
	   74 72 75 6E 63
	   61 74 65 64 29
	   20 61 76 65 72
	   61 67 65 20 6C
	   6F 77 20 74 65
	   6D 70 65 72 61
	   74 75 72 65 20
	   77 61 73 3A 20
	   00
 000001E7 54 68 61 6E 6B		goodbyeMsg		BYTE	"Thanks for using Temperature Statistics Program. Goodbye.",0
	   73 20 66 6F 72
	   20 75 73 69 6E
	   67 20 54 65 6D
	   70 65 72 61 74
	   75 72 65 20 53
	   74 61 74 69 73
	   74 69 63 73 20
	   50 72 6F 67 72
	   61 6D 2E 20 47
	   6F 6F 64 62 79
	   65 2E 00

 00000221  0000009A [			tempArray		DWORD ARRAYSIZE	DUP(?)
	    00000000
	   ]
 00000489  0000000E [			dailyHighs		DWORD DAYS_MEASURED	DUP(?)
	    00000000
	   ]
 000004C1  0000000E [			dailyLows		DWORD DAYS_MEASURED	DUP(?)
	    00000000
	   ]
 000004F9 00000000			averageHigh 	DWORD ?
 000004FD 00000000			averageLow		DWORD ?

 00000000			.code
 00000000			main PROC
 00000000  E8 00000000 E		call	Randomize
 00000005  68 0000003F R		push	OFFSET intro2
 0000000A  68 00000000 R		push	OFFSET intro1
 0000000F  E8 000000AB			call	printGreeting

 00000014  68 00000221 R		push	OFFSET tempArray
 00000019  E8 000000B8			call	generateTemperatures

 0000001E  68 00000489 R		push	OFFSET dailyHighs
 00000023  68 00000221 R		push	OFFSET tempArray
 00000028  E8 000000CC			call	findDailyHighs

 0000002D  68 000004C1 R		push	OFFSET dailyLows
 00000032  68 00000221 R		push	OFFSET tempArray
 00000037  E8 000000FA			call	findDailyLows

 0000003C  68 000004FD R		push	OFFSET averageLow
 00000041  68 000004F9 R		push	OFFSET averageHigh
 00000046  68 000004C1 R		push	OFFSET dailyLows
 0000004B  68 00000489 R		push	OFFSET dailyHighs
 00000050  E8 0000011E			call	calcAverageLowHighTemps

 00000055  6A 0B			push	TEMPS_PER_DAY
 00000057  6A 0E			push	DAYS_MEASURED
 00000059  68 00000221 R		push	OFFSET tempArray
 0000005E  68 00000145 R		push	OFFSET allTempsMsg
 00000063  E8 0000014A			call	displayTempArray

 00000068  6A 0E			push	DAYS_MEASURED
 0000006A  6A 01			push	1
 0000006C  68 00000489 R		push	OFFSET dailyHighs
 00000071  68 0000015D R		push	OFFSET highestTempsMsg
 00000076  E8 00000137			call	displayTempArray

 0000007B  6A 0E			push	DAYS_MEASURED
 0000007D  6A 01			push	1
 0000007F  68 000004C1 R		push	OFFSET dailyLows
 00000084  68 00000174 R		push	OFFSET lowestTempsMsg
 00000089  E8 00000124			call	displayTempArray

 0000008E  FF 35 000004F9 R		push	averageHigh
 00000094  68 0000018A R		push	OFFSET avgHighTempMsg
 00000099  E8 00000166			call	displayTempWithString

 0000009E  FF 35 000004FD R		push	averageLow
 000000A4  68 000001B9 R		push	OFFSET avgLowTempMsg
 000000A9  E8 00000156			call	displayTempWithString

 000000AE  68 000001E7 R		push	OFFSET goodbyeMsg
 000000B3  E8 0000016D			call	goodbye

					Invoke	ExitProcess,0
 000000B8  6A 00	   *	    push   +000000000h
 000000BA  E8 00000000 E   *	    call   ExitProcess
 000000BF			main ENDP

 000000BF			printGreeting PROC
 000000BF  55				push	ebp
 000000C0  8B EC			mov		ebp, esp

 000000C2  8B 55 08			mov		edx, [ebp+8]
 000000C5  E8 00000000 E		call	WriteString
 000000CA  8B 55 0C			mov		edx, [ebp+12]
 000000CD  E8 00000000 E		call	WriteString

 000000D2  5D				pop		ebp
 000000D3  C2 0008			ret		8
 000000D6			printGreeting ENDP

 000000D6			generateTemperatures PROC
 000000D6  55				push	ebp
 000000D7  8B EC			mov		ebp, esp

 000000D9  8B 75 08			mov		esi, [ebp+8]
 000000DC  B9 0000009A			mov		ecx, ARRAYSIZE

 000000E1				_arrayFill:
 000000E1  B8 0000003D				mov		eax, (MAX_TEMP-MIN_TEMP)+1
 000000E6  E8 00000000 E			call	RandomRange
 000000EB  83 C0 14				add		eax, MIN_TEMP
						
 000000EE  89 06				mov		[esi], eax
 000000F0  83 C6 04				add		esi, TYPE DWORD
 000000F3  E2 EC				loop	_arrayFill

 000000F5  5D				pop		ebp
 000000F6  C2 0004			ret		4
 000000F9			generateTemperatures ENDP

				; traverse 11 rows of tempArray, find highest temp per row, set current dailyHighs index with valuem, if counter is 11/>10 (end of current row),
				; increase counter for dailyHighs array, reset tempArray counter to 11. Keep going until last tempArray element is seen. Find highest 14 temps.
 000000F9			findDailyHighs PROC
 000000F9  55				push	ebp
 000000FA  8B EC			mov		ebp, esp

 000000FC  8B 75 08			mov		esi, [ebp+8]	; tempArray address
 000000FF  8B 5D 0C			mov		ebx, [ebp+12]	; dailyHighs address
 00000102  BA 00000000			mov		edx, 0			; day counter (0 to DAYS_MEASURED - 1)

 00000107				_dayRowLoop:
 00000107  83 FA 0E				cmp		edx, DAYS_MEASURED
 0000010A  74 26				je		_finished

 0000010C  B8 00000014				mov		eax, MIN_TEMP	; start at min temp '20' to only ever get highest temps
 00000111  B9 00000000				mov		ecx, 0

 00000116					_tempColumnLoop:
 00000116  83 F9 0B					cmp		ecx, TEMPS_PER_DAY
 00000119  74 0E					je		_rowFinished

 0000011B  3B 04 8E					cmp		eax, [esi + ecx * 4]
 0000011E  7C 03					jl		_setNewHigh

 00000120  41						inc		ecx
 00000121  EB F3					jmp		_tempColumnLoop

 00000123					_setNewHigh:
 00000123  8B 04 8E					mov		eax, [esi + ecx * 4]
 00000126  41						inc		ecx
 00000127  EB ED					jmp		_tempColumnLoop

 00000129					_rowFinished:
 00000129  89 04 93					mov		[ebx + edx * 4], eax
 0000012C  83 C6 2C					add		esi, TEMPS_PER_DAY * TYPE DWORD
 0000012F  42						inc		edx
 00000130  EB D5					jmp		_dayRowLoop
 00000132				_finished:
 00000132  5D					pop		ebp
 00000133  C2 0008				ret		8
 00000136			findDailyHighs ENDP

 00000136			findDailyLows PROC
 00000136  55				push	ebp
 00000137  8B EC			mov		ebp, esp

 00000139  8B 75 08			mov		esi, [ebp+8]	; tempArray base address
 0000013C  8B 5D 0C			mov		ebx, [ebp+12]	; dailyLows base address
 0000013F  BA 00000000			mov		edx, 0			; day counter (0 to DAYS_MEASURED - 1)

 00000144				_dayRowLoop:
 00000144  83 FA 0E				cmp		edx, DAYS_MEASURED
 00000147  74 26				je		_finished
						
 00000149  B8 00000050				mov		eax, MAX_TEMP	; start at max temp '80' to only ever get lowest temps
 0000014E  B9 00000000				mov		ecx, 0			

 00000153					_tempColumnLoop:
 00000153  83 F9 0B					cmp		ecx, TEMPS_PER_DAY
 00000156  74 0E					je		_rowFinished

 00000158  3B 04 8E					cmp		eax, [esi + ecx * 4]
 0000015B  7F 03					jg		_setNewLow	

 0000015D  41						inc		ecx
 0000015E  EB F3					jmp		_tempColumnLoop

 00000160					_setNewLow:
 00000160  8B 04 8E					mov		eax, [esi + ecx * 4]
 00000163  41						inc		ecx
 00000164  EB ED					jmp		_tempColumnLoop

 00000166					_rowFinished:
 00000166  89 04 93				mov		[ebx + edx * 4], eax  ; Saves the definitive lowest temp
 00000169  83 C6 2C				add		esi, TEMPS_PER_DAY * TYPE DWORD
 0000016C  42					inc		edx
 0000016D  EB D5				jmp		_dayRowLoop

 0000016F				_finished:
 0000016F  5D					pop		ebp
 00000170  C2 0008				ret		8
 00000173			findDailyLows ENDP

 00000173			calcAverageLowHighTemps PROC
 00000173  55				push	ebp
 00000174  8B EC			mov		ebp, esp
					
 00000176  8B 75 08			mov		esi, [ebp+8]	; dailyHighs array address
 00000179  8B 7D 0C			mov		edi, [ebp+12]	; dailyLows array address
 0000017C  B8 00000000			mov		eax, 0			; highs accumulator
 00000181  BB 00000000			mov		ebx, 0			; lows accumulator
 00000186  B9 00000000			mov		ecx, 0

 0000018B				_sumHighAndLow:		
 0000018B  03 04 8E				add		eax, [esi + ecx * 4]	; accumulated highs
 0000018E  03 1C 8F				add		ebx, [edi + ecx * 4]	; accumulated lows

 00000191  41					inc		ecx
 00000192  83 F9 0E				cmp		ecx, DAYS_MEASURED
 00000195  7C F4				jl		_sumHighAndLow

 00000197				_calcAverages:
 00000197  B9 0000000E				mov		ecx, DAYS_MEASURED

 0000019C  99					cdq
 0000019D  F7 F1				div		ecx
 0000019F  8B 55 10				mov		edx, [ebp+16]
 000001A2  89 02				mov		[edx], eax

 000001A4  99					cdq
 000001A5  8B C3				mov		eax, ebx
 000001A7  F7 F1				div		ecx
 000001A9  8B 55 14				mov		edx, [ebp+20]
 000001AC  89 02				mov		[edx], eax

 000001AE  5D				pop		ebp
 000001AF  C2 0010			ret		16
 000001B2			calcAverageLowHighTemps ENDP

 000001B2			displayTempArray PROC
 000001B2  55				push	ebp
 000001B3  8B EC			mov		ebp, esp

 000001B5  8B 75 0C			mov		esi, [ebp+12]	; tempArray address
 000001B8  B9 00000000			mov		ecx, 0			; column counter	
 000001BD  BB 00000000			mov		ebx, 0			; row counter

 000001C2  8B 55 08			mov		edx, [ebp+8]
 000001C5  E8 00000000 E		call	WriteString
 000001CA				_displayArrayRow:
 000001CA  3B 5D 10				cmp		ebx, [ebp+16]
 000001CD  7D 2C				jge		_finished

 000001CF  8B 04 8E				mov		eax, [esi+ecx*4]
 000001D2  E8 00000000 E			call	WriteDec

 000001D7  B0 20				mov		al, ' '
 000001D9  E8 00000000 E			call	WriteChar
 000001DE  E8 00000000 E			call	WriteChar

 000001E3  41					inc		ecx
 000001E4  3B 4D 14				cmp		ecx, [ebp+20]
 000001E7  74 02				je		_jumpNextLine
 000001E9  EB DF				jmp		_displayArrayRow

 000001EB				_jumpNextLine:
 000001EB  B9 00000000				mov		ecx, 0
 000001F0  83 C6 2C				add		esi, TEMPS_PER_DAY * TYPE DWORD
 000001F3  43					inc		ebx
 000001F4  E8 00000000 E			call	CrLf
 000001F9  EB CF				jmp		_displayArrayRow

 000001FB				_finished:
 000001FB  E8 00000000 E			call	CrLf
 00000200  5D					pop		ebp
 00000201  C2 0010				ret		16
 00000204			displayTempArray ENDP

 00000204			displayTempWithString PROC
 00000204  55				push	ebp
 00000205  8B EC			mov		ebp, esp

 00000207  8B 55 08			mov		edx, [ebp+8]
 0000020A  E8 00000000 E		call	WriteString
 0000020F  8B 45 0C			mov		eax, [ebp+12]
 00000212  E8 00000000 E		call	WriteDec
 00000217  E8 00000000 E		call	CrLf
 0000021C  E8 00000000 E		call	CrLf

 00000221  5D				pop		ebp
 00000222  C2 0008			ret		8
 00000225			displayTempWithString ENDP

 00000225			goodbye PROC
 00000225  55				push	ebp
 00000226  8B EC			mov		ebp, esp

 00000228  8B 55 08			mov		edx, [ebp+8]
 0000022B  E8 00000000 E		call	WriteString
 00000230  E8 00000000 E		call	CrLf

 00000235  5D				pop		ebp
 00000236  C2 0004			ret		4
 00000239			goodbye ENDP

				END main
Microsoft (R) Macro Assembler Version 14.44.35225.0	    05/22/26 22:28:52
7Temperature Statistics Program     (Proj5_guardadd.asm	     Symbols 2 - 1




Structures and Unions:

                N a m e                  Size
                                         Offset      Type

CONSOLE_CURSOR_INFO  . . . . . .	 00000008
  dwSize . . . . . . . . . . . .	 00000000	 DWord
  bVisible . . . . . . . . . . .	 00000004	 DWord
CONSOLE_SCREEN_BUFFER_INFO . . .	 00000016
  dwSize . . . . . . . . . . . .	 00000000	 DWord
  dwCursorPosition . . . . . . .	 00000004	 DWord
  wAttributes  . . . . . . . . .	 00000008	 Word
  srWindow . . . . . . . . . . .	 0000000A	 QWord
  dwMaximumWindowSize  . . . . .	 00000012	 DWord
COORD  . . . . . . . . . . . . .	 00000004
  X  . . . . . . . . . . . . . .	 00000000	 Word
  Y  . . . . . . . . . . . . . .	 00000002	 Word
FILETIME . . . . . . . . . . . .	 00000008
  loDateTime . . . . . . . . . .	 00000000	 DWord
  hiDateTime . . . . . . . . . .	 00000004	 DWord
FOCUS_EVENT_RECORD . . . . . . .	 00000004
  bSetFocus  . . . . . . . . . .	 00000000	 DWord
FPU_ENVIRON  . . . . . . . . . .	 0000001C
  controlWord  . . . . . . . . .	 00000000	 Word
  statusWord . . . . . . . . . .	 00000004	 Word
  tagWord  . . . . . . . . . . .	 00000008	 Word
  instrPointerOffset . . . . . .	 0000000C	 DWord
  instrPointerSelector . . . . .	 00000010	 DWord
  operandPointerOffset . . . . .	 00000014	 DWord
  operandPointerSelector . . . .	 00000018	 Word
INPUT_RECORD . . . . . . . . . .	 00000014
  EventType  . . . . . . . . . .	 00000000	 Word
  Event  . . . . . . . . . . . .	 00000004	 XmmWord
  bKeyDown . . . . . . . . . . .	 00000000	 DWord
  wRepeatCount . . . . . . . . .	 00000004	 Word
  wVirtualKeyCode  . . . . . . .	 00000006	 Word
  wVirtualScanCode . . . . . . .	 00000008	 Word
  uChar  . . . . . . . . . . . .	 0000000A	 Word
  UnicodeChar  . . . . . . . . .	 00000000	 Word
  AsciiChar  . . . . . . . . . .	 00000000	 Byte
  dwControlKeyState  . . . . . .	 0000000C	 DWord
  dwMousePosition  . . . . . . .	 00000000	 DWord
  dwButtonState  . . . . . . . .	 00000004	 DWord
  dwMouseControlKeyState . . . .	 00000008	 DWord
  dwEventFlags . . . . . . . . .	 0000000C	 DWord
  dwSize . . . . . . . . . . . .	 00000000	 DWord
  dwCommandId  . . . . . . . . .	 00000000	 DWord
  bSetFocus  . . . . . . . . . .	 00000000	 DWord
KEY_EVENT_RECORD . . . . . . . .	 00000010
  bKeyDown . . . . . . . . . . .	 00000000	 DWord
  wRepeatCount . . . . . . . . .	 00000004	 Word
  wVirtualKeyCode  . . . . . . .	 00000006	 Word
  wVirtualScanCode . . . . . . .	 00000008	 Word
  uChar  . . . . . . . . . . . .	 0000000A	 Word
  UnicodeChar  . . . . . . . . .	 00000000	 Word
  AsciiChar  . . . . . . . . . .	 00000000	 Byte
  dwControlKeyState  . . . . . .	 0000000C	 DWord
MENU_EVENT_RECORD  . . . . . . .	 00000004
  dwCommandId  . . . . . . . . .	 00000000	 DWord
MOUSE_EVENT_RECORD . . . . . . .	 00000010
  dwMousePosition  . . . . . . .	 00000000	 DWord
  dwButtonState  . . . . . . . .	 00000004	 DWord
  dwMouseControlKeyState . . . .	 00000008	 DWord
  dwEventFlags . . . . . . . . .	 0000000C	 DWord
SMALL_RECT . . . . . . . . . . .	 00000008
  Left . . . . . . . . . . . . .	 00000000	 Word
  Top  . . . . . . . . . . . . .	 00000002	 Word
  Right  . . . . . . . . . . . .	 00000004	 Word
  Bottom . . . . . . . . . . . .	 00000006	 Word
SYSTEMTIME . . . . . . . . . . .	 00000010
  wYear  . . . . . . . . . . . .	 00000000	 Word
  wMonth . . . . . . . . . . . .	 00000002	 Word
  wDayOfWeek . . . . . . . . . .	 00000004	 Word
  wDay . . . . . . . . . . . . .	 00000006	 Word
  wHour  . . . . . . . . . . . .	 00000008	 Word
  wMinute  . . . . . . . . . . .	 0000000A	 Word
  wSecond  . . . . . . . . . . .	 0000000C	 Word
  wMilliseconds  . . . . . . . .	 0000000E	 Word
WINDOW_BUFFER_SIZE_RECORD  . . .	 00000004
  dwSize . . . . . . . . . . . .	 00000000	 DWord


Segments and Groups:

                N a m e                 Size     Length   Align   Combine Class

FLAT . . . . . . . . . . . . . .	GROUP
STACK  . . . . . . . . . . . . .	32 Bit	 00001000 Para	  Stack	  'STACK'	 
_DATA  . . . . . . . . . . . . .	32 Bit	 00000501 Para	  Public  'DATA'	
_TEXT  . . . . . . . . . . . . .	32 Bit	 00000239 Para	  Public  'CODE'	


Procedures, parameters, and locals:

                N a m e                 Type     Value    Attr

CloseFile  . . . . . . . . . . .	P Near	 00000000 FLAT	Length= 00000000 External STDCALL
CloseHandle  . . . . . . . . . .	P Near	 00000000 FLAT	Length= 00000000 External STDCALL
Clrscr . . . . . . . . . . . . .	P Near	 00000000 FLAT	Length= 00000000 External STDCALL
CreateFileA  . . . . . . . . . .	P Near	 00000000 FLAT	Length= 00000000 External STDCALL
CreateOutputFile . . . . . . . .	P Near	 00000000 FLAT	Length= 00000000 External STDCALL
Crlf . . . . . . . . . . . . . .	P Near	 00000000 FLAT	Length= 00000000 External STDCALL
Delay  . . . . . . . . . . . . .	P Near	 00000000 FLAT	Length= 00000000 External STDCALL
DumpMem  . . . . . . . . . . . .	P Near	 00000000 FLAT	Length= 00000000 External STDCALL
DumpRegs . . . . . . . . . . . .	P Near	 00000000 FLAT	Length= 00000000 External STDCALL
ExitProcess  . . . . . . . . . .	P Near	 00000000 FLAT	Length= 00000000 External STDCALL
FileTimeToDosDateTime  . . . . .	P Near	 00000000 FLAT	Length= 00000000 External STDCALL
FileTimeToSystemTime . . . . . .	P Near	 00000000 FLAT	Length= 00000000 External STDCALL
FlushConsoleInputBuffer  . . . .	P Near	 00000000 FLAT	Length= 00000000 External STDCALL
FormatMessageA . . . . . . . . .	P Near	 00000000 FLAT	Length= 00000000 External STDCALL
GetCommandLineA  . . . . . . . .	P Near	 00000000 FLAT	Length= 00000000 External STDCALL
GetCommandTail . . . . . . . . .	P Near	 00000000 FLAT	Length= 00000000 External STDCALL
GetConsoleCP . . . . . . . . . .	P Near	 00000000 FLAT	Length= 00000000 External STDCALL
GetConsoleCursorInfo . . . . . .	P Near	 00000000 FLAT	Length= 00000000 External STDCALL
GetConsoleMode . . . . . . . . .	P Near	 00000000 FLAT	Length= 00000000 External STDCALL
GetConsoleScreenBufferInfo . . .	P Near	 00000000 FLAT	Length= 00000000 External STDCALL
GetDateTime  . . . . . . . . . .	P Near	 00000000 FLAT	Length= 00000000 External STDCALL
GetFileTime  . . . . . . . . . .	P Near	 00000000 FLAT	Length= 00000000 External STDCALL
GetKeyState  . . . . . . . . . .	P Near	 00000000 FLAT	Length= 00000000 External STDCALL
GetLastError . . . . . . . . . .	P Near	 00000000 FLAT	Length= 00000000 External STDCALL
GetLocalTime . . . . . . . . . .	P Near	 00000000 FLAT	Length= 00000000 External STDCALL
GetMaxXY . . . . . . . . . . . .	P Near	 00000000 FLAT	Length= 00000000 External STDCALL
GetMseconds  . . . . . . . . . .	P Near	 00000000 FLAT	Length= 00000000 External STDCALL
GetNumberOfConsoleInputEvents  .	P Near	 00000000 FLAT	Length= 00000000 External STDCALL
GetProcessHeap . . . . . . . . .	P Near	 00000000 FLAT	Length= 00000000 External STDCALL
GetStdHandle . . . . . . . . . .	P Near	 00000000 FLAT	Length= 00000000 External STDCALL
GetSystemTime  . . . . . . . . .	P Near	 00000000 FLAT	Length= 00000000 External STDCALL
GetTextColor . . . . . . . . . .	P Near	 00000000 FLAT	Length= 00000000 External STDCALL
GetTickCount . . . . . . . . . .	P Near	 00000000 FLAT	Length= 00000000 External STDCALL
Gotoxy . . . . . . . . . . . . .	P Near	 00000000 FLAT	Length= 00000000 External STDCALL
HeapAlloc  . . . . . . . . . . .	P Near	 00000000 FLAT	Length= 00000000 External STDCALL
HeapCreate . . . . . . . . . . .	P Near	 00000000 FLAT	Length= 00000000 External STDCALL
HeapDestroy  . . . . . . . . . .	P Near	 00000000 FLAT	Length= 00000000 External STDCALL
HeapFree . . . . . . . . . . . .	P Near	 00000000 FLAT	Length= 00000000 External STDCALL
HeapSize . . . . . . . . . . . .	P Near	 00000000 FLAT	Length= 00000000 External STDCALL
IsDigit  . . . . . . . . . . . .	P Near	 00000000 FLAT	Length= 00000000 External STDCALL
LocalFree  . . . . . . . . . . .	P Near	 00000000 FLAT	Length= 00000000 External STDCALL
MessageBoxA  . . . . . . . . . .	P Near	 00000000 FLAT	Length= 00000000 External STDCALL
MsgBoxAsk  . . . . . . . . . . .	P Near	 00000000 FLAT	Length= 00000000 External STDCALL
MsgBox . . . . . . . . . . . . .	P Near	 00000000 FLAT	Length= 00000000 External STDCALL
OpenInputFile  . . . . . . . . .	P Near	 00000000 FLAT	Length= 00000000 External STDCALL
ParseDecimal32 . . . . . . . . .	P Near	 00000000 FLAT	Length= 00000000 External STDCALL
ParseInteger32 . . . . . . . . .	P Near	 00000000 FLAT	Length= 00000000 External STDCALL
PeekConsoleInputA  . . . . . . .	P Near	 00000000 FLAT	Length= 00000000 External STDCALL
Random32 . . . . . . . . . . . .	P Near	 00000000 FLAT	Length= 00000000 External STDCALL
RandomRange  . . . . . . . . . .	P Near	 00000000 FLAT	Length= 00000000 External STDCALL
Randomize  . . . . . . . . . . .	P Near	 00000000 FLAT	Length= 00000000 External STDCALL
ReadChar . . . . . . . . . . . .	P Near	 00000000 FLAT	Length= 00000000 External STDCALL
ReadConsoleA . . . . . . . . . .	P Near	 00000000 FLAT	Length= 00000000 External STDCALL
ReadConsoleInputA  . . . . . . .	P Near	 00000000 FLAT	Length= 00000000 External STDCALL
ReadDec  . . . . . . . . . . . .	P Near	 00000000 FLAT	Length= 00000000 External STDCALL
ReadFile . . . . . . . . . . . .	P Near	 00000000 FLAT	Length= 00000000 External STDCALL
ReadFloat  . . . . . . . . . . .	P Near	 00000000 FLAT	Length= 00000000 External STDCALL
ReadFromFile . . . . . . . . . .	P Near	 00000000 FLAT	Length= 00000000 External STDCALL
ReadHex  . . . . . . . . . . . .	P Near	 00000000 FLAT	Length= 00000000 External STDCALL
ReadInt  . . . . . . . . . . . .	P Near	 00000000 FLAT	Length= 00000000 External STDCALL
ReadKeyFlush . . . . . . . . . .	P Near	 00000000 FLAT	Length= 00000000 External STDCALL
ReadKey  . . . . . . . . . . . .	P Near	 00000000 FLAT	Length= 00000000 External STDCALL
ReadString . . . . . . . . . . .	P Near	 00000000 FLAT	Length= 00000000 External STDCALL
SetConsoleCursorInfo . . . . . .	P Near	 00000000 FLAT	Length= 00000000 External STDCALL
SetConsoleCursorPosition . . . .	P Near	 00000000 FLAT	Length= 00000000 External STDCALL
SetConsoleMode . . . . . . . . .	P Near	 00000000 FLAT	Length= 00000000 External STDCALL
SetConsoleScreenBufferSize . . .	P Near	 00000000 FLAT	Length= 00000000 External STDCALL
SetConsoleTextAttribute  . . . .	P Near	 00000000 FLAT	Length= 00000000 External STDCALL
SetConsoleTitleA . . . . . . . .	P Near	 00000000 FLAT	Length= 00000000 External STDCALL
SetConsoleWindowInfo . . . . . .	P Near	 00000000 FLAT	Length= 00000000 External STDCALL
SetFilePointer . . . . . . . . .	P Near	 00000000 FLAT	Length= 00000000 External STDCALL
SetLocalTime . . . . . . . . . .	P Near	 00000000 FLAT	Length= 00000000 External STDCALL
SetTextColor . . . . . . . . . .	P Near	 00000000 FLAT	Length= 00000000 External STDCALL
ShowFPUStack . . . . . . . . . .	P Near	 00000000 FLAT	Length= 00000000 External STDCALL
Sleep  . . . . . . . . . . . . .	P Near	 00000000 FLAT	Length= 00000000 External STDCALL
StrLength  . . . . . . . . . . .	P Near	 00000000 FLAT	Length= 00000000 External STDCALL
Str_compare  . . . . . . . . . .	P Near	 00000000 FLAT	Length= 00000000 External STDCALL
Str_copy . . . . . . . . . . . .	P Near	 00000000 FLAT	Length= 00000000 External STDCALL
Str_length . . . . . . . . . . .	P Near	 00000000 FLAT	Length= 00000000 External STDCALL
Str_trim . . . . . . . . . . . .	P Near	 00000000 FLAT	Length= 00000000 External STDCALL
Str_ucase  . . . . . . . . . . .	P Near	 00000000 FLAT	Length= 00000000 External STDCALL
SystemTimeToFileTime . . . . . .	P Near	 00000000 FLAT	Length= 00000000 External STDCALL
WaitMsg  . . . . . . . . . . . .	P Near	 00000000 FLAT	Length= 00000000 External STDCALL
WriteBinB  . . . . . . . . . . .	P Near	 00000000 FLAT	Length= 00000000 External STDCALL
WriteBin . . . . . . . . . . . .	P Near	 00000000 FLAT	Length= 00000000 External STDCALL
WriteChar  . . . . . . . . . . .	P Near	 00000000 FLAT	Length= 00000000 External STDCALL
WriteConsoleA  . . . . . . . . .	P Near	 00000000 FLAT	Length= 00000000 External STDCALL
WriteConsoleOutputAttribute  . .	P Near	 00000000 FLAT	Length= 00000000 External STDCALL
WriteConsoleOutputCharacterA . .	P Near	 00000000 FLAT	Length= 00000000 External STDCALL
WriteDec . . . . . . . . . . . .	P Near	 00000000 FLAT	Length= 00000000 External STDCALL
WriteFile  . . . . . . . . . . .	P Near	 00000000 FLAT	Length= 00000000 External STDCALL
WriteFloat . . . . . . . . . . .	P Near	 00000000 FLAT	Length= 00000000 External STDCALL
WriteHexB  . . . . . . . . . . .	P Near	 00000000 FLAT	Length= 00000000 External STDCALL
WriteHex . . . . . . . . . . . .	P Near	 00000000 FLAT	Length= 00000000 External STDCALL
WriteInt . . . . . . . . . . . .	P Near	 00000000 FLAT	Length= 00000000 External STDCALL
WriteStackFrameName  . . . . . .	P Near	 00000000 FLAT	Length= 00000000 External STDCALL
WriteStackFrame  . . . . . . . .	P Near	 00000000 FLAT	Length= 00000000 External STDCALL
WriteString  . . . . . . . . . .	P Near	 00000000 FLAT	Length= 00000000 External STDCALL
WriteToFile  . . . . . . . . . .	P Near	 00000000 FLAT	Length= 00000000 External STDCALL
WriteWindowsMsg  . . . . . . . .	P Near	 00000000 FLAT	Length= 00000000 External STDCALL
calcAverageLowHighTemps  . . . .	P Near	 00000173 _TEXT	Length= 0000003F Public STDCALL
  _sumHighAndLow . . . . . . . .	L Near	 0000018B _TEXT	
  _calcAverages  . . . . . . . .	L Near	 00000197 _TEXT	
displayTempArray . . . . . . . .	P Near	 000001B2 _TEXT	Length= 00000052 Public STDCALL
  _displayArrayRow . . . . . . .	L Near	 000001CA _TEXT	
  _jumpNextLine  . . . . . . . .	L Near	 000001EB _TEXT	
  _finished  . . . . . . . . . .	L Near	 000001FB _TEXT	
displayTempWithString  . . . . .	P Near	 00000204 _TEXT	Length= 00000021 Public STDCALL
findDailyHighs . . . . . . . . .	P Near	 000000F9 _TEXT	Length= 0000003D Public STDCALL
  _dayRowLoop  . . . . . . . . .	L Near	 00000107 _TEXT	
  _tempColumnLoop  . . . . . . .	L Near	 00000116 _TEXT	
  _setNewHigh  . . . . . . . . .	L Near	 00000123 _TEXT	
  _rowFinished . . . . . . . . .	L Near	 00000129 _TEXT	
  _finished  . . . . . . . . . .	L Near	 00000132 _TEXT	
findDailyLows  . . . . . . . . .	P Near	 00000136 _TEXT	Length= 0000003D Public STDCALL
  _dayRowLoop  . . . . . . . . .	L Near	 00000144 _TEXT	
  _tempColumnLoop  . . . . . . .	L Near	 00000153 _TEXT	
  _setNewLow . . . . . . . . . .	L Near	 00000160 _TEXT	
  _rowFinished . . . . . . . . .	L Near	 00000166 _TEXT	
  _finished  . . . . . . . . . .	L Near	 0000016F _TEXT	
generateTemperatures . . . . . .	P Near	 000000D6 _TEXT	Length= 00000023 Public STDCALL
  _arrayFill . . . . . . . . . .	L Near	 000000E1 _TEXT	
goodbye  . . . . . . . . . . . .	P Near	 00000225 _TEXT	Length= 00000014 Public STDCALL
main . . . . . . . . . . . . . .	P Near	 00000000 _TEXT	Length= 000000BF Public STDCALL
printGreeting  . . . . . . . . .	P Near	 000000BF _TEXT	Length= 00000017 Public STDCALL
printf . . . . . . . . . . . . .	P Near	 00000000 FLAT	Length= 00000000 External C
scanf  . . . . . . . . . . . . .	P Near	 00000000 FLAT	Length= 00000000 External C
wsprintfA  . . . . . . . . . . .	P Near	 00000000 FLAT	Length= 00000000 External C


Symbols:

                N a m e                 Type     Value    Attr

@CodeSize  . . . . . . . . . . .	Number	 00000000h   
@DataSize  . . . . . . . . . . .	Number	 00000000h   
@Interface . . . . . . . . . . .	Number	 00000003h   
@Model . . . . . . . . . . . . .	Number	 00000007h   
@code  . . . . . . . . . . . . .	Text   	 _TEXT
@data  . . . . . . . . . . . . .	Text   	 FLAT
@fardata?  . . . . . . . . . . .	Text   	 FLAT
@fardata . . . . . . . . . . . .	Text   	 FLAT
@stack . . . . . . . . . . . . .	Text   	 FLAT
ALT_MASK . . . . . . . . . . . .	Number	 00000003h   
ARRAYSIZE  . . . . . . . . . . .	Number	 0000009Ah   
CAPSLOCK_ON  . . . . . . . . . .	Number	 00000080h   
CREATE_ALWAYS  . . . . . . . . .	Number	 00000002h   
CREATE_NEW . . . . . . . . . . .	Number	 00000001h   
CTRL_MASK  . . . . . . . . . . .	Number	 0000000Ch   
CreateFile . . . . . . . . . . .	Text   	 CreateFileA
DAYS_MEASURED  . . . . . . . . .	Number	 0000000Eh   
DO_NOT_SHARE . . . . . . . . . .	Number	 00000000h   
ENABLE_ECHO_INPUT  . . . . . . .	Number	 00000004h   
ENABLE_LINE_INPUT  . . . . . . .	Number	 00000002h   
ENABLE_MOUSE_INPUT . . . . . . .	Number	 00000010h   
ENABLE_PROCESSED_INPUT . . . . .	Number	 00000001h   
ENABLE_PROCESSED_OUTPUT  . . . .	Number	 00000001h   
ENABLE_WINDOW_INPUT  . . . . . .	Number	 00000008h   
ENABLE_WRAP_AT_EOL_OUTPUT  . . .	Number	 00000002h   
ENHANCED_KEY . . . . . . . . . .	Number	 00000100h   
FALSE  . . . . . . . . . . . . .	Number	 00000000h   
FILE_APPEND_DATA . . . . . . . .	Number	 00000004h   
FILE_ATTRIBUTE_ARCHIVE . . . . .	Number	 00000020h   
FILE_ATTRIBUTE_COMPRESSED  . . .	Number	 00000800h   
FILE_ATTRIBUTE_DEVICE  . . . . .	Number	 00000040h   
FILE_ATTRIBUTE_DIRECTORY . . . .	Number	 00000010h   
FILE_ATTRIBUTE_ENCRYPTED . . . .	Number	 00004000h   
FILE_ATTRIBUTE_HIDDEN  . . . . .	Number	 00000002h   
FILE_ATTRIBUTE_NORMAL  . . . . .	Number	 00000080h   
FILE_ATTRIBUTE_NOT_CONTENT_INDEXED .	Number	 00002000h   
FILE_ATTRIBUTE_OFFLINE . . . . .	Number	 00001000h   
FILE_ATTRIBUTE_READONLY  . . . .	Number	 00000001h   
FILE_ATTRIBUTE_REPARSE_POINT . .	Number	 00000400h   
FILE_ATTRIBUTE_SPARSE_FILE . . .	Number	 00000200h   
FILE_ATTRIBUTE_SYSTEM  . . . . .	Number	 00000004h   
FILE_ATTRIBUTE_TEMPORARY . . . .	Number	 00000100h   
FILE_BEGIN . . . . . . . . . . .	Number	 00000000h   
FILE_CURRENT . . . . . . . . . .	Number	 00000001h   
FILE_DELETE_CHILD  . . . . . . .	Number	 00000040h   
FILE_END . . . . . . . . . . . .	Number	 00000002h   
FILE_READ_DATA . . . . . . . . .	Number	 00000001h   
FILE_SHARE_DELETE  . . . . . . .	Number	 00000004h   
FILE_SHARE_READ  . . . . . . . .	Number	 00000001h   
FILE_SHARE_WRITE . . . . . . . .	Number	 00000002h   
FILE_WRITE_DATA  . . . . . . . .	Number	 00000002h   
FOCUS_EVENT  . . . . . . . . . .	Number	 00000010h   
FORMAT_MESSAGE_ALLOCATE_BUFFER .	Number	 00000100h   
FORMAT_MESSAGE_FROM_SYSTEM . . .	Number	 00001000h   
FormatMessage  . . . . . . . . .	Text   	 FormatMessageA
GENERIC_ALL  . . . . . . . . . .	Number	 10000000h   
GENERIC_EXECUTE  . . . . . . . .	Number	 20000000h   
GENERIC_READ . . . . . . . . . .	Number	 -80000000h   
GENERIC_WRITE  . . . . . . . . .	Number	 40000000h   
GetCommandLine . . . . . . . . .	Text   	 GetCommandLineA
HANDLE . . . . . . . . . . . . .	Text   	 DWORD
HEAP_GENERATE_EXCEPTIONS . . . .	Number	 00000004h   
HEAP_GROWABLE  . . . . . . . . .	Number	 00000002h   
HEAP_NO_SERIALIZE  . . . . . . .	Number	 00000001h   
HEAP_REALLOC_IN_PLACE_ONLY . . .	Number	 00000010h   
HEAP_ZERO_MEMORY . . . . . . . .	Number	 00000008h   
IDABORT  . . . . . . . . . . . .	Number	 00000003h   
IDCANCEL . . . . . . . . . . . .	Number	 00000002h   
IDCLOSE  . . . . . . . . . . . .	Number	 00000008h   
IDCONTINUE . . . . . . . . . . .	Number	 0000000Bh   
IDHELP . . . . . . . . . . . . .	Number	 00000009h   
IDIGNORE . . . . . . . . . . . .	Number	 00000005h   
IDNO . . . . . . . . . . . . . .	Number	 00000007h   
IDOK . . . . . . . . . . . . . .	Number	 00000001h   
IDRETRY  . . . . . . . . . . . .	Number	 00000004h   
IDTIMEOUT  . . . . . . . . . . .	Number	 00007D00h   
IDTRYAGAIN . . . . . . . . . . .	Number	 0000000Ah   
IDYES  . . . . . . . . . . . . .	Number	 00000006h   
INVALID_HANDLE_VALUE . . . . . .	Number	 -00000001h   
KBDOWN_FLAG  . . . . . . . . . .	Number	 00000001h   
KEY_EVENT  . . . . . . . . . . .	Number	 00000001h   
KEY_MASKS  . . . . . . . . . . .	Number	 0000001Fh   
LEFT_ALT_PRESSED . . . . . . . .	Number	 00000002h   
LEFT_CTRL_PRESSED  . . . . . . .	Number	 00000008h   
MAX_TEMP . . . . . . . . . . . .	Number	 00000050h   
MB_ABORTRETRYIGNORE  . . . . . .	Number	 00000002h   
MB_APPLMODAL . . . . . . . . . .	Number	 00000000h   
MB_CANCELTRYCONTINUE . . . . . .	Number	 00000006h   
MB_DEFBUTTON1  . . . . . . . . .	Number	 00000000h   
MB_DEFBUTTON2  . . . . . . . . .	Number	 00000100h   
MB_DEFBUTTON3  . . . . . . . . .	Number	 00000200h   
MB_DEFBUTTON4  . . . . . . . . .	Number	 00000300h   
MB_HELP  . . . . . . . . . . . .	Number	 00004000h   
MB_ICONASTERISK  . . . . . . . .	Number	 00000040h   
MB_ICONERROR . . . . . . . . . .	Number	 00000010h   
MB_ICONEXCLAMATION . . . . . . .	Number	 00000030h   
MB_ICONHAND  . . . . . . . . . .	Number	 00000010h   
MB_ICONINFORMATION . . . . . . .	Number	 00000040h   
MB_ICONQUESTION  . . . . . . . .	Number	 00000020h   
MB_ICONSTOP  . . . . . . . . . .	Number	 00000010h   
MB_ICONWARNING . . . . . . . . .	Number	 00000030h   
MB_OKCANCEL  . . . . . . . . . .	Number	 00000001h   
MB_OK  . . . . . . . . . . . . .	Number	 00000000h   
MB_RETRYCANCEL . . . . . . . . .	Number	 00000005h   
MB_SYSTEMMODAL . . . . . . . . .	Number	 00001000h   
MB_TASKMODAL . . . . . . . . . .	Number	 00002000h   
MB_USERICON  . . . . . . . . . .	Number	 00000080h   
MB_YESNOCANCEL . . . . . . . . .	Number	 00000003h   
MB_YESNO . . . . . . . . . . . .	Number	 00000004h   
MENU_EVENT . . . . . . . . . . .	Number	 00000008h   
MIN_TEMP . . . . . . . . . . . .	Number	 00000014h   
MOUSE_EVENT  . . . . . . . . . .	Number	 00000002h   
MessageBox . . . . . . . . . . .	Text   	 MessageBoxA
NULL . . . . . . . . . . . . . .	Number	 00000000h   
NUMLOCK_ON . . . . . . . . . . .	Number	 00000020h   
OPEN_ALWAYS  . . . . . . . . . .	Number	 00000004h   
OPEN_EXISTING  . . . . . . . . .	Number	 00000003h   
PeekConsoleInput . . . . . . . .	Text   	 PeekConsoleInputA
RIGHT_ALT_PRESSED  . . . . . . .	Number	 00000001h   
RIGHT_CTRL_PRESSED . . . . . . .	Number	 00000004h   
ReadConsoleInput . . . . . . . .	Text   	 ReadConsoleInputA
ReadConsole  . . . . . . . . . .	Text   	 ReadConsoleA
SCROLLLOCK_ON  . . . . . . . . .	Number	 00000040h   
SHIFT_MASK . . . . . . . . . . .	Number	 00000010h   
SHIFT_PRESSED  . . . . . . . . .	Number	 00000010h   
STD_ERROR_HANDLE . . . . . . . .	Number	 -0000000Ch   
STD_INPUT_HANDLE . . . . . . . .	Number	 -0000000Ah   
STD_OUTPUT_HANDLE  . . . . . . .	Number	 -0000000Bh   
SetConsoleTitle  . . . . . . . .	Text   	 SetConsoleTitleA
TAB  . . . . . . . . . . . . . .	Number	 00000009h   
TEMPS_PER_DAY  . . . . . . . . .	Number	 0000000Bh   
TRUE . . . . . . . . . . . . . .	Number	 00000001h   
TRUNCATE_EXISTING  . . . . . . .	Number	 00000005h   
VK_11  . . . . . . . . . . . . .	Number	 000000BDh   
VK_12  . . . . . . . . . . . . .	Number	 000000BBh   
VK_ADD . . . . . . . . . . . . .	Number	 0000006Bh   
VK_BACK  . . . . . . . . . . . .	Number	 00000008h   
VK_CANCEL  . . . . . . . . . . .	Number	 00000003h   
VK_CAPITAL . . . . . . . . . . .	Number	 00000014h   
VK_CLEAR . . . . . . . . . . . .	Number	 0000000Ch   
VK_CONTROL . . . . . . . . . . .	Number	 00000011h   
VK_DECIMAL . . . . . . . . . . .	Number	 0000006Eh   
VK_DELETE  . . . . . . . . . . .	Number	 0000002Eh   
VK_DIVIDE  . . . . . . . . . . .	Number	 0000006Fh   
VK_DOWN  . . . . . . . . . . . .	Number	 00000028h   
VK_END . . . . . . . . . . . . .	Number	 00000023h   
VK_ESCAPE  . . . . . . . . . . .	Number	 0000001Bh   
VK_EXECUTE . . . . . . . . . . .	Number	 0000002Bh   
VK_F10 . . . . . . . . . . . . .	Number	 00000079h   
VK_F11 . . . . . . . . . . . . .	Number	 0000007Ah   
VK_F12 . . . . . . . . . . . . .	Number	 0000007Bh   
VK_F13 . . . . . . . . . . . . .	Number	 0000007Ch   
VK_F14 . . . . . . . . . . . . .	Number	 0000007Dh   
VK_F15 . . . . . . . . . . . . .	Number	 0000007Eh   
VK_F16 . . . . . . . . . . . . .	Number	 0000007Fh   
VK_F17 . . . . . . . . . . . . .	Number	 00000080h   
VK_F18 . . . . . . . . . . . . .	Number	 00000081h   
VK_F19 . . . . . . . . . . . . .	Number	 00000082h   
VK_F1  . . . . . . . . . . . . .	Number	 00000070h   
VK_F20 . . . . . . . . . . . . .	Number	 00000083h   
VK_F21 . . . . . . . . . . . . .	Number	 00000084h   
VK_F22 . . . . . . . . . . . . .	Number	 00000085h   
VK_F23 . . . . . . . . . . . . .	Number	 00000086h   
VK_F24 . . . . . . . . . . . . .	Number	 00000087h   
VK_F2  . . . . . . . . . . . . .	Number	 00000071h   
VK_F3  . . . . . . . . . . . . .	Number	 00000072h   
VK_F4  . . . . . . . . . . . . .	Number	 00000073h   
VK_F5  . . . . . . . . . . . . .	Number	 00000074h   
VK_F6  . . . . . . . . . . . . .	Number	 00000075h   
VK_F7  . . . . . . . . . . . . .	Number	 00000076h   
VK_F8  . . . . . . . . . . . . .	Number	 00000077h   
VK_F9  . . . . . . . . . . . . .	Number	 00000078h   
VK_HELP  . . . . . . . . . . . .	Number	 0000002Fh   
VK_HOME  . . . . . . . . . . . .	Number	 00000024h   
VK_INSERT  . . . . . . . . . . .	Number	 0000002Dh   
VK_LBUTTON . . . . . . . . . . .	Number	 00000001h   
VK_LCONTROL  . . . . . . . . . .	Number	 000000A2h   
VK_LEFT  . . . . . . . . . . . .	Number	 00000025h   
VK_LMENU . . . . . . . . . . . .	Number	 000000A4h   
VK_LSHIFT  . . . . . . . . . . .	Number	 000000A0h   
VK_MENU  . . . . . . . . . . . .	Number	 00000012h   
VK_MULTIPLY  . . . . . . . . . .	Number	 0000006Ah   
VK_NEXT  . . . . . . . . . . . .	Number	 00000022h   
VK_NUMLOCK . . . . . . . . . . .	Number	 00000090h   
VK_NUMPAD0 . . . . . . . . . . .	Number	 00000060h   
VK_NUMPAD1 . . . . . . . . . . .	Number	 00000061h   
VK_NUMPAD2 . . . . . . . . . . .	Number	 00000062h   
VK_NUMPAD3 . . . . . . . . . . .	Number	 00000063h   
VK_NUMPAD4 . . . . . . . . . . .	Number	 00000064h   
VK_NUMPAD5 . . . . . . . . . . .	Number	 00000065h   
VK_NUMPAD6 . . . . . . . . . . .	Number	 00000066h   
VK_NUMPAD7 . . . . . . . . . . .	Number	 00000067h   
VK_NUMPAD8 . . . . . . . . . . .	Number	 00000068h   
VK_NUMPAD9 . . . . . . . . . . .	Number	 00000069h   
VK_PAUSE . . . . . . . . . . . .	Number	 00000013h   
VK_PRINT . . . . . . . . . . . .	Number	 0000002Ah   
VK_PRIOR . . . . . . . . . . . .	Number	 00000021h   
VK_RBUTTON . . . . . . . . . . .	Number	 00000002h   
VK_RCONTROL  . . . . . . . . . .	Number	 000000A3h   
VK_RETURN  . . . . . . . . . . .	Number	 0000000Dh   
VK_RIGHT . . . . . . . . . . . .	Number	 00000027h   
VK_RMENU . . . . . . . . . . . .	Number	 000000A5h   
VK_RSHIFT  . . . . . . . . . . .	Number	 000000A1h   
VK_SCROLL  . . . . . . . . . . .	Number	 00000091h   
VK_SEPARATER . . . . . . . . . .	Number	 0000006Ch   
VK_SHIFT . . . . . . . . . . . .	Number	 00000010h   
VK_SNAPSHOT  . . . . . . . . . .	Number	 0000002Ch   
VK_SPACE . . . . . . . . . . . .	Number	 00000020h   
VK_SUBTRACT  . . . . . . . . . .	Number	 0000006Dh   
VK_TAB . . . . . . . . . . . . .	Number	 00000009h   
VK_UP  . . . . . . . . . . . . .	Number	 00000026h   
WINDOW_BUFFER_SIZE_EVENT . . . .	Number	 00000004h   
WriteConsoleOutputCharacter  . .	Text   	 WriteConsoleOutputCharacterA
WriteConsole . . . . . . . . . .	Text   	 WriteConsoleA
allTempsMsg  . . . . . . . . . .	Byte	 00000145 _DATA	
averageHigh  . . . . . . . . . .	DWord	 000004F9 _DATA	
averageLow . . . . . . . . . . .	DWord	 000004FD _DATA	
avgHighTempMsg . . . . . . . . .	Byte	 0000018A _DATA	
avgLowTempMsg  . . . . . . . . .	Byte	 000001B9 _DATA	
black  . . . . . . . . . . . . .	Number	 00000000h   
blue . . . . . . . . . . . . . .	Number	 00000001h   
brown  . . . . . . . . . . . . .	Number	 00000006h   
cyan . . . . . . . . . . . . . .	Number	 00000003h   
dailyHighs . . . . . . . . . . .	DWord	 00000489 _DATA	
dailyLows  . . . . . . . . . . .	DWord	 000004C1 _DATA	
exit . . . . . . . . . . . . . .	Text   	 INVOKE ExitProcess,0
goodbyeMsg . . . . . . . . . . .	Byte	 000001E7 _DATA	
gray . . . . . . . . . . . . . .	Number	 00000008h   
green  . . . . . . . . . . . . .	Number	 00000002h   
highestTempsMsg  . . . . . . . .	Byte	 0000015D _DATA	
intro1 . . . . . . . . . . . . .	Byte	 00000000 _DATA	
intro2 . . . . . . . . . . . . .	Byte	 0000003F _DATA	
lightBlue  . . . . . . . . . . .	Number	 00000009h   
lightCyan  . . . . . . . . . . .	Number	 0000000Bh   
lightGray  . . . . . . . . . . .	Number	 00000007h   
lightGreen . . . . . . . . . . .	Number	 0000000Ah   
lightMagenta . . . . . . . . . .	Number	 0000000Dh   
lightRed . . . . . . . . . . . .	Number	 0000000Ch   
lowestTempsMsg . . . . . . . . .	Byte	 00000174 _DATA	
magenta  . . . . . . . . . . . .	Number	 00000005h   
red  . . . . . . . . . . . . . .	Number	 00000004h   
tempArray  . . . . . . . . . . .	DWord	 00000221 _DATA	
white  . . . . . . . . . . . . .	Number	 0000000Fh   
wsprintf . . . . . . . . . . . .	Text   	 wsprintfA
yellow . . . . . . . . . . . . .	Number	 0000000Eh   

	   0 Warnings
	   0 Errors
